  ÔÇó electron-builder  version=25.1.8 os=10.0.26200
  ÔÇó loaded configuration  file=package.json ("build" field)
  ÔÇó effective config  config=directories:
  output: installer-output
  buildResources: build
appId: com.hotelkarim.app
productName: Hotel Karim
copyright: Copyright ┬® 2026 Hotel Karim
win:
  target:
    - target: nsis
      arch:
        - x64
  icon: null
nsis:
  oneClick: false
  allowToChangeInstallationDirectory: true
  installerLanguages:
    - es
  language: '3082'
  installerSidebar: null
  createDesktopShortcut: true
  createStartMenuShortcut: true
  shortcutName: Hotel Karim
files:
  - filter:
      - main.js
      - preload.js
extraResources:
  - from: dist/flask-server/
    to: flask-server
    filter:
      - '**/*'

  ÔÇó spawning        command=C:\Users\lapor\OneDrive\Escritorio\Hotel proyecto\electron\node_modules\app-builder-bin\win\x64\app-builder.exe node-dep-tree --dir C:\Users\lapor\OneDrive\Escritorio\Hotel proyecto\electron
  ÔÇó exited          command=app-builder.exe code=0 pid=12936 out=[]
  ÔÇó executing @electron/rebuild  electronVersion=33.4.11 arch=x64 buildFromSource=false appDir=./
  ÔÇó installing native dependencies  arch=x64
  ÔÇó completed installing native dependencies
  ÔÇó packaging       platform=win32 arch=x64 electron=33.4.11 appOutDir=installer-output\win-unpacked
  ÔÇó spawning        command=C:\Users\lapor\OneDrive\Escritorio\Hotel proyecto\electron\node_modules\app-builder-bin\win\x64\app-builder.exe unpack-electron --configuration [{"platform":"win32","arch":"x64","version":"33.4.11"}] --output C:\Users\lapor\OneDrive\Escritorio\Hotel proyecto\electron\installer-output\win-unpacked --distMacOsAppName Electron.app
  ÔÇó map async       taskCount=2
  ÔÇó map async       taskCount=1
  ÔÇó map async       taskCount=73
  ÔÇó exited          command=app-builder.exe code=0 pid=1216
  ÔÇó spawning        command=C:\Users\lapor\OneDrive\Escritorio\Hotel proyecto\electron\node_modules\app-builder-bin\win\x64\app-builder.exe node-dep-tree --dir C:\Users\lapor\OneDrive\Escritorio\Hotel proyecto\electron --flatten
  ÔÇó exited          command=app-builder.exe code=0 pid=12212 out=[]
  ÔÇó updating asar integrity executable resource  executablePath=installer-output\win-unpacked\Hotel Karim.exe
  ÔÇó copying files using pattern  matcher=from: C:\Users\lapor\OneDrive\Escritorio\Hotel proyecto\electron\dist\flask-server, to: C:\Users\lapor\OneDrive\Escritorio\Hotel proyecto\electron\installer-output\win-unpacked\resources\flask-server, patterns: **/*
  ÔÇó copying         src=C:\Users\lapor\OneDrive\Escritorio\Hotel proyecto\electron\dist\flask-server destination=C:\Users\lapor\OneDrive\Escritorio\Hotel proyecto\electron\installer-output\win-unpacked\resources\flask-server
  ÔÇó signing with signtool.exe  path=installer-output\win-unpacked\resources\flask-server\hotel-karim.exe
  ÔÇó no signing info identified, signing is skipped  signHook=false cscInfo=null
  ÔÇó getPublishConfigsForUpdateInfo: no publishConfigs, detect using repository info
  ÔÇó spawning        command=C:\Users\lapor\OneDrive\Escritorio\Hotel proyecto\electron\node_modules\app-builder-bin\win\x64\app-builder.exe icon --format ico --root C:\Users\lapor\OneDrive\Escritorio\Hotel proyecto\electron\build --root C:\Users\lapor\OneDrive\Escritorio\Hotel proyecto\electron --out C:\Users\lapor\OneDrive\Escritorio\Hotel proyecto\electron\installer-output\.icon-ico
  ÔÇó path doesn't exist  path=C:\Users\lapor\OneDrive\Escritorio\Hotel proyecto\electron\build\icon.ico
  ÔÇó path doesn't exist  path=C:\Users\lapor\OneDrive\Escritorio\Hotel proyecto\electron\icon.ico
  ÔÇó path doesn't exist  path=C:\Users\lapor\OneDrive\Escritorio\Hotel proyecto\electron\build\icons
  ÔÇó path doesn't exist  path=C:\Users\lapor\OneDrive\Escritorio\Hotel proyecto\electron\icons
  ÔÇó path doesn't exist  path=C:\Users\lapor\OneDrive\Escritorio\Hotel proyecto\electron\build\icon.png
  ÔÇó path doesn't exist  path=C:\Users\lapor\OneDrive\Escritorio\Hotel proyecto\electron\icon.png
  ÔÇó path doesn't exist  path=C:\Users\lapor\OneDrive\Escritorio\Hotel proyecto\electron\build\icon.icns
  ÔÇó path doesn't exist  path=C:\Users\lapor\OneDrive\Escritorio\Hotel proyecto\electron\icon.icns
  ÔÇó no icons found, using provided fallback sources  
  ÔÇó exited          command=app-builder.exe code=0 pid=17344 out={"icons":null,"isFallback":true}
  ÔÇó default Electron icon is used  reason=application icon is not set
  ÔÇó spawning        command=C:\Users\lapor\OneDrive\Escritorio\Hotel proyecto\electron\node_modules\app-builder-bin\win\x64\app-builder.exe rcedit --args ["C:\\Users\\lapor\\OneDrive\\Escritorio\\Hotel proyecto\\electron\\installer-output\\win-unpacked\\Hotel Karim.exe","--set-version-string","FileDescription","Sistema de gesti├│n de reservas ÔÇö Hotel Karim","--set-version-string","ProductName","Hotel Karim","--set-version-string","LegalCopyright","Copyright ┬® 2026 Hotel Karim","--set-file-version","1.0.0","--set-product-version","1.0.0.0","--set-version-string","InternalName","Hotel Karim","--set-version-string","OriginalFilename","","--set-version-string","CompanyName","Hotel Karim"]
  ÔÇó computing effective URL  initialUrl=https://github.com/electron-userland/electron-builder-binaries/releases/download/winCodeSign-2.6.0/winCodeSign-2.6.0.7z
                             currentUrl=https://release-assets.githubusercontent.com/github-production-release-asset/65527128/f73f2200-5d53-11ea-8264-ddd345f11ee4?sp=r&sv=2018-11-09&sr=b&spr=https&se=2026-03-05T21%3A01%3A52Z&rscd=attachment%3B+filename%3DwinCodeSign-2.6.0.7z&rsct=application%2Foctet-stream&skoid=96c2d410-5711-43a1-aedd-ab1947aa7ab0&sktid=398a6654-997b-47e9-b12b-9515b896b4de&skt=2026-03-05T20%3A01%3A19Z&ske=2026-03-05T21%3A01%3A52Z&sks=b&skv=2018-11-09&sig=61b1endrZFGLagNH3aEGoEr4VOInjg%2F%2FIUpRtamnleI%3D&jwt=eyJ0eXAiOiJKV1QiLCJhbGciOiJIUzI1NiJ9.eyJpc3MiOiJnaXRodWIuY29tIiwiYXVkIjoicmVsZWFzZS1hc3NldHMuZ2l0aHVidXNlcmNvbnRlbnQuY29tIiwia2V5Ijoia2V5MSIsImV4cCI6MTc3Mjc0MTk1NCwibmJmIjoxNzcyNzQxNjU0LCJwYXRoIjoicmVsZWFzZWFzc2V0cHJvZHVjdGlvbi5ibG9iLmNvcmUud2luZG93cy5uZXQifQ.0aI6MKsi2dH6k_UZfSPLGP9DyarOWeyZemzHyQnWa_w&response-content-disposition=attachment%3B%20filename%3DwinCodeSign-2.6.0.7z&response-content-type=application%2Foctet-stream
  ÔÇó downloading     url=https://github.com/electron-userland/electron-builder-binaries/releases/download/winCodeSign-2.6.0/winCodeSign-2.6.0.7z length=5635384 contentType=application/octet-stream
  ÔÇó downloading     url=https://github.com/electron-userland/electron-builder-binaries/releases/download/winCodeSign-2.6.0/winCodeSign-2.6.0.7z size=5.6 MB parts=1
  ÔÇó map async       taskCount=1
  ÔÇó download part   range=bytes=0-5635383 index=0
  ÔÇó downloaded      url=https://github.com/electron-userland/electron-builder-binaries/releases/download/winCodeSign-2.6.0/winCodeSign-2.6.0.7z duration=975ms
  ÔÇó execute command  command='C:\Users\lapor\OneDrive\Escritorio\Hotel proyecto\electron\node_modules\7zip-bin\win\x64\7za.exe' x -snld -bd 'C:\Users\lapor\AppData\Local\electron-builder\Cache\winCodeSign\007485303.7z' '-oC:\Users\lapor\AppData\Local\electron-builder\Cache\winCodeSign\007485303'
                     workingDirectory=C:\Users\lapor\AppData\Local\electron-builder\Cache\winCodeSign
  Ô¿» cannot execute  cause=exit status 2
                    out=
    7-Zip (a) 21.07 (x64) : Copyright (c) 1999-2021 Igor Pavlov : 2021-12-26
    
    Scanning the drive for archives:
    1 file, 5635384 bytes (5504 KiB)
    
    Extracting archive: C:\Users\lapor\AppData\Local\electron-builder\Cache\winCodeSign\007485303.7z
    --
    Path = C:\Users\lapor\AppData\Local\electron-builder\Cache\winCodeSign\007485303.7z
    Type = 7z
    Physical Size = 5635384
    Headers Size = 1492
    Method = LZMA2:24m LZMA:20 BCJ2
    Solid = +
    Blocks = 2
    
    
    Sub items Errors: 2
    
    Archives with Errors: 1
    
    Sub items Errors: 2
    
                    errorOut=ERROR: Cannot create symbolic link : El cliente no dispone de un privilegio requerido. : C:\Users\lapor\AppData\Local\electron-builder\Cache\winCodeSign\007485303\darwin\10.12\lib\libcrypto.dylib
    ERROR: Cannot create symbolic link : El cliente no dispone de un privilegio requerido. : C:\Users\lapor\AppData\Local\electron-builder\Cache\winCodeSign\007485303\darwin\10.12\lib\libssl.dylib
    
                    command='C:\Users\lapor\OneDrive\Escritorio\Hotel proyecto\electron\node_modules\7zip-bin\win\x64\7za.exe' x -snld -bd 'C:\Users\lapor\AppData\Local\electron-builder\Cache\winCodeSign\007485303.7z' '-oC:\Users\lapor\AppData\Local\electron-builder\Cache\winCodeSign\007485303'
                    workingDir=C:\Users\lapor\AppData\Local\electron-builder\Cache\winCodeSign
  ÔÇó exited          command=app-builder.exe code=2 pid=16644
  ÔÇó Above command failed, retrying 3 more times
  ÔÇó spawning        command=C:\Users\lapor\OneDrive\Escritorio\Hotel proyecto\electron\node_modules\app-builder-bin\win\x64\app-builder.exe rcedit --args ["C:\\Users\\lapor\\OneDrive\\Escritorio\\Hotel proyecto\\electron\\installer-output\\win-unpacked\\Hotel Karim.exe","--set-version-string","FileDescription","Sistema de gesti├│n de reservas ÔÇö Hotel Karim","--set-version-string","ProductName","Hotel Karim","--set-version-string","LegalCopyright","Copyright ┬® 2026 Hotel Karim","--set-file-version","1.0.0","--set-product-version","1.0.0.0","--set-version-string","InternalName","Hotel Karim","--set-version-string","OriginalFilename","","--set-version-string","CompanyName","Hotel Karim"]
  ÔÇó computing effective URL  initialUrl=https://github.com/electron-userland/electron-builder-binaries/releases/download/winCodeSign-2.6.0/winCodeSign-2.6.0.7z
                             currentUrl=https://release-assets.githubusercontent.com/github-production-release-asset/65527128/f73f2200-5d53-11ea-8264-ddd345f11ee4?sp=r&sv=2018-11-09&sr=b&spr=https&se=2026-03-05T21%3A01%3A52Z&rscd=attachment%3B+filename%3DwinCodeSign-2.6.0.7z&rsct=application%2Foctet-stream&skoid=96c2d410-5711-43a1-aedd-ab1947aa7ab0&sktid=398a6654-997b-47e9-b12b-9515b896b4de&skt=2026-03-05T20%3A01%3A19Z&ske=2026-03-05T21%3A01%3A52Z&sks=b&skv=2018-11-09&sig=61b1endrZFGLagNH3aEGoEr4VOInjg%2F%2FIUpRtamnleI%3D&jwt=eyJ0eXAiOiJKV1QiLCJhbGciOiJIUzI1NiJ9.eyJpc3MiOiJnaXRodWIuY29tIiwiYXVkIjoicmVsZWFzZS1hc3NldHMuZ2l0aHVidXNlcmNvbnRlbnQuY29tIiwia2V5Ijoia2V5MSIsImV4cCI6MTc3Mjc0MTk1NCwibmJmIjoxNzcyNzQxNjU0LCJwYXRoIjoicmVsZWFzZWFzc2V0cHJvZHVjdGlvbi5ibG9iLmNvcmUud2luZG93cy5uZXQifQ.0aI6MKsi2dH6k_UZfSPLGP9DyarOWeyZemzHyQnWa_w&response-content-disposition=attachment%3B%20filename%3DwinCodeSign-2.6.0.7z&response-content-type=application%2Foctet-stream
  ÔÇó downloading     url=https://github.com/electron-userland/electron-builder-binaries/releases/download/winCodeSign-2.6.0/winCodeSign-2.6.0.7z length=5635384 contentType=application/octet-stream
  ÔÇó downloading     url=https://github.com/electron-userland/electron-builder-binaries/releases/download/winCodeSign-2.6.0/winCodeSign-2.6.0.7z size=5.6 MB parts=1
  ÔÇó map async       taskCount=1
  ÔÇó download part   range=bytes=0-5635383 index=0
  ÔÇó downloaded      url=https://github.com/electron-userland/electron-builder-binaries/releases/download/winCodeSign-2.6.0/winCodeSign-2.6.0.7z duration=669ms
  ÔÇó execute command  command='C:\Users\lapor\OneDrive\Escritorio\Hotel proyecto\electron\node_modules\7zip-bin\win\x64\7za.exe' x -snld -bd 'C:\Users\lapor\AppData\Local\electron-builder\Cache\winCodeSign\591732159.7z' '-oC:\Users\lapor\AppData\Local\electron-builder\Cache\winCodeSign\591732159'
                     workingDirectory=C:\Users\lapor\AppData\Local\electron-builder\Cache\winCodeSign
  Ô¿» cannot execute  cause=exit status 2
                    out=
    7-Zip (a) 21.07 (x64) : Copyright (c) 1999-2021 Igor Pavlov : 2021-12-26
    
    Scanning the drive for archives:
    1 file, 5635384 bytes (5504 KiB)
    
    Extracting archive: C:\Users\lapor\AppData\Local\electron-builder\Cache\winCodeSign\591732159.7z
    --
    Path = C:\Users\lapor\AppData\Local\electron-builder\Cache\winCodeSign\591732159.7z
    Type = 7z
    Physical Size = 5635384
    Headers Size = 1492
    Method = LZMA2:24m LZMA:20 BCJ2
    Solid = +
    Blocks = 2
    
    
    Sub items Errors: 2
    
    Archives with Errors: 1
    
    Sub items Errors: 2
    
                    errorOut=ERROR: Cannot create symbolic link : El cliente no dispone de un privilegio requerido. : C:\Users\lapor\AppData\Local\electron-builder\Cache\winCodeSign\591732159\darwin\10.12\lib\libcrypto.dylib
    ERROR: Cannot create symbolic link : El cliente no dispone de un privilegio requerido. : C:\Users\lapor\AppData\Local\electron-builder\Cache\winCodeSign\591732159\darwin\10.12\lib\libssl.dylib
    
                    command='C:\Users\lapor\OneDrive\Escritorio\Hotel proyecto\electron\node_modules\7zip-bin\win\x64\7za.exe' x -snld -bd 'C:\Users\lapor\AppData\Local\electron-builder\Cache\winCodeSign\591732159.7z' '-oC:\Users\lapor\AppData\Local\electron-builder\Cache\winCodeSign\591732159'
                    workingDir=C:\Users\lapor\AppData\Local\electron-builder\Cache\winCodeSign
  ÔÇó exited          command=app-builder.exe code=2 pid=16716
  ÔÇó Above command failed, retrying 3 more times
  ÔÇó spawning        command=C:\Users\lapor\OneDrive\Escritorio\Hotel proyecto\electron\node_modules\app-builder-bin\win\x64\app-builder.exe rcedit --args ["C:\\Users\\lapor\\OneDrive\\Escritorio\\Hotel proyecto\\electron\\installer-output\\win-unpacked\\Hotel Karim.exe","--set-version-string","FileDescription","Sistema de gesti├│n de reservas ÔÇö Hotel Karim","--set-version-string","ProductName","Hotel Karim","--set-version-string","LegalCopyright","Copyright ┬® 2026 Hotel Karim","--set-file-version","1.0.0","--set-product-version","1.0.0.0","--set-version-string","InternalName","Hotel Karim","--set-version-string","OriginalFilename","","--set-version-string","CompanyName","Hotel Karim"]
  ÔÇó computing effective URL  initialUrl=https://github.com/electron-userland/electron-builder-binaries/releases/download/winCodeSign-2.6.0/winCodeSign-2.6.0.7z
                             currentUrl=https://release-assets.githubusercontent.com/github-production-release-asset/65527128/f73f2200-5d53-11ea-8264-ddd345f11ee4?sp=r&sv=2018-11-09&sr=b&spr=https&se=2026-03-05T21%3A01%3A52Z&rscd=attachment%3B+filename%3DwinCodeSign-2.6.0.7z&rsct=application%2Foctet-stream&skoid=96c2d410-5711-43a1-aedd-ab1947aa7ab0&sktid=398a6654-997b-47e9-b12b-9515b896b4de&skt=2026-03-05T20%3A01%3A19Z&ske=2026-03-05T21%3A01%3A52Z&sks=b&skv=2018-11-09&sig=61b1endrZFGLagNH3aEGoEr4VOInjg%2F%2FIUpRtamnleI%3D&jwt=eyJ0eXAiOiJKV1QiLCJhbGciOiJIUzI1NiJ9.eyJpc3MiOiJnaXRodWIuY29tIiwiYXVkIjoicmVsZWFzZS1hc3NldHMuZ2l0aHVidXNlcmNvbnRlbnQuY29tIiwia2V5Ijoia2V5MSIsImV4cCI6MTc3Mjc0MTk1NCwibmJmIjoxNzcyNzQxNjU0LCJwYXRoIjoicmVsZWFzZWFzc2V0cHJvZHVjdGlvbi5ibG9iLmNvcmUud2luZG93cy5uZXQifQ.0aI6MKsi2dH6k_UZfSPLGP9DyarOWeyZemzHyQnWa_w&response-content-disposition=attachment%3B%20filename%3DwinCodeSign-2.6.0.7z&response-content-type=application%2Foctet-stream
  ÔÇó downloading     url=https://github.com/electron-userland/electron-builder-binaries/releases/download/winCodeSign-2.6.0/winCodeSign-2.6.0.7z length=5635384 contentType=application/octet-stream
  ÔÇó downloading     url=https://github.com/electron-userland/electron-builder-binaries/releases/download/winCodeSign-2.6.0/winCodeSign-2.6.0.7z size=5.6 MB parts=1
  ÔÇó map async       taskCount=1
  ÔÇó download part   range=bytes=0-5635383 index=0
  ÔÇó downloaded      url=https://github.com/electron-userland/electron-builder-binaries/releases/download/winCodeSign-2.6.0/winCodeSign-2.6.0.7z duration=645ms
  ÔÇó execute command  command='C:\Users\lapor\OneDrive\Escritorio\Hotel proyecto\electron\node_modules\7zip-bin\win\x64\7za.exe' x -snld -bd 'C:\Users\lapor\AppData\Local\electron-builder\Cache\winCodeSign\552601775.7z' '-oC:\Users\lapor\AppData\Local\electron-builder\Cache\winCodeSign\552601775'
                     workingDirectory=C:\Users\lapor\AppData\Local\electron-builder\Cache\winCodeSign
  Ô¿» cannot execute  cause=exit status 2
                    out=
    7-Zip (a) 21.07 (x64) : Copyright (c) 1999-2021 Igor Pavlov : 2021-12-26
    
    Scanning the drive for archives:
    1 file, 5635384 bytes (5504 KiB)
    
    Extracting archive: C:\Users\lapor\AppData\Local\electron-builder\Cache\winCodeSign\552601775.7z
    --
    Path = C:\Users\lapor\AppData\Local\electron-builder\Cache\winCodeSign\552601775.7z
    Type = 7z
    Physical Size = 5635384
    Headers Size = 1492
    Method = LZMA2:24m LZMA:20 BCJ2
    Solid = +
    Blocks = 2
    
    
    Sub items Errors: 2
    
    Archives with Errors: 1
    
    Sub items Errors: 2
    
                    errorOut=ERROR: Cannot create symbolic link : El cliente no dispone de un privilegio requerido. : C:\Users\lapor\AppData\Local\electron-builder\Cache\winCodeSign\552601775\darwin\10.12\lib\libcrypto.dylib
    ERROR: Cannot create symbolic link : El cliente no dispone de un privilegio requerido. : C:\Users\lapor\AppData\Local\electron-builder\Cache\winCodeSign\552601775\darwin\10.12\lib\libssl.dylib
    
                    command='C:\Users\lapor\OneDrive\Escritorio\Hotel proyecto\electron\node_modules\7zip-bin\win\x64\7za.exe' x -snld -bd 'C:\Users\lapor\AppData\Local\electron-builder\Cache\winCodeSign\552601775.7z' '-oC:\Users\lapor\AppData\Local\electron-builder\Cache\winCodeSign\552601775'
                    workingDir=C:\Users\lapor\AppData\Local\electron-builder\Cache\winCodeSign
  ÔÇó exited          command=app-builder.exe code=2 pid=6536
  ÔÇó Above command failed, retrying 3 more times
  ÔÇó spawning        command=C:\Users\lapor\OneDrive\Escritorio\Hotel proyecto\electron\node_modules\app-builder-bin\win\x64\app-builder.exe rcedit --args ["C:\\Users\\lapor\\OneDrive\\Escritorio\\Hotel proyecto\\electron\\installer-output\\win-unpacked\\Hotel Karim.exe","--set-version-string","FileDescription","Sistema de gesti├│n de reservas ÔÇö Hotel Karim","--set-version-string","ProductName","Hotel Karim","--set-version-string","LegalCopyright","Copyright ┬® 2026 Hotel Karim","--set-file-version","1.0.0","--set-product-version","1.0.0.0","--set-version-string","InternalName","Hotel Karim","--set-version-string","OriginalFilename","","--set-version-string","CompanyName","Hotel Karim"]
  ÔÇó computing effective URL  initialUrl=https://github.com/electron-userland/electron-builder-binaries/releases/download/winCodeSign-2.6.0/winCodeSign-2.6.0.7z
                             currentUrl=https://release-assets.githubusercontent.com/github-production-release-asset/65527128/f73f2200-5d53-11ea-8264-ddd345f11ee4?sp=r&sv=2018-11-09&sr=b&spr=https&se=2026-03-05T21%3A01%3A52Z&rscd=attachment%3B+filename%3DwinCodeSign-2.6.0.7z&rsct=application%2Foctet-stream&skoid=96c2d410-5711-43a1-aedd-ab1947aa7ab0&sktid=398a6654-997b-47e9-b12b-9515b896b4de&skt=2026-03-05T20%3A01%3A19Z&ske=2026-03-05T21%3A01%3A52Z&sks=b&skv=2018-11-09&sig=61b1endrZFGLagNH3aEGoEr4VOInjg%2F%2FIUpRtamnleI%3D&jwt=eyJ0eXAiOiJKV1QiLCJhbGciOiJIUzI1NiJ9.eyJpc3MiOiJnaXRodWIuY29tIiwiYXVkIjoicmVsZWFzZS1hc3NldHMuZ2l0aHVidXNlcmNvbnRlbnQuY29tIiwia2V5Ijoia2V5MSIsImV4cCI6MTc3Mjc0MTk1NCwibmJmIjoxNzcyNzQxNjU0LCJwYXRoIjoicmVsZWFzZWFzc2V0cHJvZHVjdGlvbi5ibG9iLmNvcmUud2luZG93cy5uZXQifQ.0aI6MKsi2dH6k_UZfSPLGP9DyarOWeyZemzHyQnWa_w&response-content-disposition=attachment%3B%20filename%3DwinCodeSign-2.6.0.7z&response-content-type=application%2Foctet-stream
  ÔÇó downloading     url=https://github.com/electron-userland/electron-builder-binaries/releases/download/winCodeSign-2.6.0/winCodeSign-2.6.0.7z length=5635384 contentType=application/octet-stream
  ÔÇó downloading     url=https://github.com/electron-userland/electron-builder-binaries/releases/download/winCodeSign-2.6.0/winCodeSign-2.6.0.7z size=5.6 MB parts=1
  ÔÇó map async       taskCount=1
  ÔÇó download part   range=bytes=0-5635383 index=0
  ÔÇó downloaded      url=https://github.com/electron-userland/electron-builder-binaries/releases/download/winCodeSign-2.6.0/winCodeSign-2.6.0.7z duration=667ms
  ÔÇó execute command  command='C:\Users\lapor\OneDrive\Escritorio\Hotel proyecto\electron\node_modules\7zip-bin\win\x64\7za.exe' x -snld -bd 'C:\Users\lapor\AppData\Local\electron-builder\Cache\winCodeSign\047662491.7z' '-oC:\Users\lapor\AppData\Local\electron-builder\Cache\winCodeSign\047662491'
                     workingDirectory=C:\Users\lapor\AppData\Local\electron-builder\Cache\winCodeSign
  Ô¿» cannot execute  cause=exit status 2
                    out=
    7-Zip (a) 21.07 (x64) : Copyright (c) 1999-2021 Igor Pavlov : 2021-12-26
    
    Scanning the drive for archives:
    1 file, 5635384 bytes (5504 KiB)
    
    Extracting archive: C:\Users\lapor\AppData\Local\electron-builder\Cache\winCodeSign\047662491.7z
    --
    Path = C:\Users\lapor\AppData\Local\electron-builder\Cache\winCodeSign\047662491.7z
    Type = 7z
    Physical Size = 5635384
    Headers Size = 1492
    Method = LZMA2:24m LZMA:20 BCJ2
    Solid = +
    Blocks = 2
    
    
    Sub items Errors: 2
    
    Archives with Errors: 1
    
    Sub items Errors: 2
    
                    errorOut=ERROR: Cannot create symbolic link : El cliente no dispone de un privilegio requerido. : C:\Users\lapor\AppData\Local\electron-builder\Cache\winCodeSign\047662491\darwin\10.12\lib\libcrypto.dylib
    ERROR: Cannot create symbolic link : El cliente no dispone de un privilegio requerido. : C:\Users\lapor\AppData\Local\electron-builder\Cache\winCodeSign\047662491\darwin\10.12\lib\libssl.dylib
    
                    command='C:\Users\lapor\OneDrive\Escritorio\Hotel proyecto\electron\node_modules\7zip-bin\win\x64\7za.exe' x -snld -bd 'C:\Users\lapor\AppData\Local\electron-builder\Cache\winCodeSign\047662491.7z' '-oC:\Users\lapor\AppData\Local\electron-builder\Cache\winCodeSign\047662491'
                    workingDir=C:\Users\lapor\AppData\Local\electron-builder\Cache\winCodeSign
  ÔÇó exited          command=app-builder.exe code=2 pid=12184
  ÔÇó Above command failed, retrying 3 more times
